MPLINK 5.09, LINKER
Linker Map File - Created Wed Dec 06 14:21:42 2023

                                 Section Info
                  Section       Type    Address   Location Size(Bytes)
                ---------  ---------  ---------  ---------  ---------
                   .org_0       code   0x000000    program   0x000002
                   .cinit    romdata   0x000001    program   0x000004
                   .org_1       code   0x000004    program   0x000002
                   .org_2       code   0x000006    program   0x0003ba
.config_8007_BUILD/DEFAULT/PRODUCTION/TURRETC       code   0x008007    program   0x000002
.config_8008_BUILD/DEFAULT/PRODUCTION/TURRETC       code   0x008008    program   0x000002



                              Program Memory Usage 
                               Start         End      
                           ---------   ---------      
                            0x000000    0x000002      
                            0x000004    0x000004      
                            0x000006    0x0001e2      
                            0x008007    0x008008      
            483 out of 16647 program addresses used, program memory utilization is 2%



                              Symbols - Sorted by Name
                     Name    Address   Location    Storage File                     
                ---------  ---------  ---------  --------- ---------                
                  CONVERT   0x0001c8    program     static C:\Users\Baden Brenner\OneDrive\Documents\5th semester\ATV_TurretControl.X\TurretControl.asm
                    DRIVE   0x00018c    program     static C:\Users\Baden Brenner\OneDrive\Documents\5th semester\ATV_TurretControl.X\TurretControl.asm
                 DRIVEIND   0x000180    program     static C:\Users\Baden Brenner\OneDrive\Documents\5th semester\ATV_TurretControl.X\TurretControl.asm
                     EXIT   0x000157    program     static C:\Users\Baden Brenner\OneDrive\Documents\5th semester\ATV_TurretControl.X\TurretControl.asm
                   FOWARD   0x0001a6    program     static C:\Users\Baden Brenner\OneDrive\Documents\5th semester\ATV_TurretControl.X\TurretControl.asm
                FOWARDIND   0x000186    program     static C:\Users\Baden Brenner\OneDrive\Documents\5th semester\ATV_TurretControl.X\TurretControl.asm
               I2C_RECEVE   0x000150    program     static C:\Users\Baden Brenner\OneDrive\Documents\5th semester\ATV_TurretControl.X\TurretControl.asm
                 INTERUPT   0x000140    program     static C:\Users\Baden Brenner\OneDrive\Documents\5th semester\ATV_TurretControl.X\TurretControl.asm
                     MAIN   0x0001d1    program     static C:\Users\Baden Brenner\OneDrive\Documents\5th semester\ATV_TurretControl.X\TurretControl.asm
                      REC   0x0001ca    program     static C:\Users\Baden Brenner\OneDrive\Documents\5th semester\ATV_TurretControl.X\TurretControl.asm
                  RECEVED   0x000158    program     static C:\Users\Baden Brenner\OneDrive\Documents\5th semester\ATV_TurretControl.X\TurretControl.asm
                  REVERCE   0x0001b7    program     static C:\Users\Baden Brenner\OneDrive\Documents\5th semester\ATV_TurretControl.X\TurretControl.asm
                   REVIND   0x000189    program     static C:\Users\Baden Brenner\OneDrive\Documents\5th semester\ATV_TurretControl.X\TurretControl.asm
                    SETUP   0x00004e    program     static C:\Users\Baden Brenner\OneDrive\Documents\5th semester\ATV_TurretControl.X\TurretControl.asm
          STARTCOMPERSSER   0x0001ce    program     static C:\Users\Baden Brenner\OneDrive\Documents\5th semester\ATV_TurretControl.X\TurretControl.asm
           STOPCOMPERSSER   0x0001cb    program     static C:\Users\Baden Brenner\OneDrive\Documents\5th semester\ATV_TurretControl.X\TurretControl.asm
            TABLE_FORWARD   0x000006    program     static C:\Users\Baden Brenner\OneDrive\Documents\5th semester\ATV_TurretControl.X\TurretControl.asm
           TABLE_PRESHURE   0x00003c    program     static C:\Users\Baden Brenner\OneDrive\Documents\5th semester\ATV_TurretControl.X\TurretControl.asm
            TABLE_REVERSE   0x000018    program     static C:\Users\Baden Brenner\OneDrive\Documents\5th semester\ATV_TurretControl.X\TurretControl.asm
               TABLE_TURN   0x00002a    program     static C:\Users\Baden Brenner\OneDrive\Documents\5th semester\ATV_TurretControl.X\TurretControl.asm
                     TURN   0x000195    program     static C:\Users\Baden Brenner\OneDrive\Documents\5th semester\ATV_TurretControl.X\TurretControl.asm
                  TURNIND   0x000183    program     static C:\Users\Baden Brenner\OneDrive\Documents\5th semester\ATV_TurretControl.X\TurretControl.asm
                     XMIT   0x0001c9    program     static C:\Users\Baden Brenner\OneDrive\Documents\5th semester\ATV_TurretControl.X\TurretControl.asm
             _.org_2_0138   0x000138    program     static C:\Users\Baden Brenner\OneDrive\Documents\5th semester\ATV_TurretControl.X\TurretControl.asm



                              Symbols - Sorted by Address
                     Name    Address   Location    Storage File                     
                ---------  ---------  ---------  --------- ---------                
            TABLE_FORWARD   0x000006    program     static C:\Users\Baden Brenner\OneDrive\Documents\5th semester\ATV_TurretControl.X\TurretControl.asm
            TABLE_REVERSE   0x000018    program     static C:\Users\Baden Brenner\OneDrive\Documents\5th semester\ATV_TurretControl.X\TurretControl.asm
               TABLE_TURN   0x00002a    program     static C:\Users\Baden Brenner\OneDrive\Documents\5th semester\ATV_TurretControl.X\TurretControl.asm
           TABLE_PRESHURE   0x00003c    program     static C:\Users\Baden Brenner\OneDrive\Documents\5th semester\ATV_TurretControl.X\TurretControl.asm
                    SETUP   0x00004e    program     static C:\Users\Baden Brenner\OneDrive\Documents\5th semester\ATV_TurretControl.X\TurretControl.asm
             _.org_2_0138   0x000138    program     static C:\Users\Baden Brenner\OneDrive\Documents\5th semester\ATV_TurretControl.X\TurretControl.asm
                 INTERUPT   0x000140    program     static C:\Users\Baden Brenner\OneDrive\Documents\5th semester\ATV_TurretControl.X\TurretControl.asm
               I2C_RECEVE   0x000150    program     static C:\Users\Baden Brenner\OneDrive\Documents\5th semester\ATV_TurretControl.X\TurretControl.asm
                     EXIT   0x000157    program     static C:\Users\Baden Brenner\OneDrive\Documents\5th semester\ATV_TurretControl.X\TurretControl.asm
                  RECEVED   0x000158    program     static C:\Users\Baden Brenner\OneDrive\Documents\5th semester\ATV_TurretControl.X\TurretControl.asm
                 DRIVEIND   0x000180    program     static C:\Users\Baden Brenner\OneDrive\Documents\5th semester\ATV_TurretControl.X\TurretControl.asm
                  TURNIND   0x000183    program     static C:\Users\Baden Brenner\OneDrive\Documents\5th semester\ATV_TurretControl.X\TurretControl.asm
                FOWARDIND   0x000186    program     static C:\Users\Baden Brenner\OneDrive\Documents\5th semester\ATV_TurretControl.X\TurretControl.asm
                   REVIND   0x000189    program     static C:\Users\Baden Brenner\OneDrive\Documents\5th semester\ATV_TurretControl.X\TurretControl.asm
                    DRIVE   0x00018c    program     static C:\Users\Baden Brenner\OneDrive\Documents\5th semester\ATV_TurretControl.X\TurretControl.asm
                     TURN   0x000195    program     static C:\Users\Baden Brenner\OneDrive\Documents\5th semester\ATV_TurretControl.X\TurretControl.asm
                   FOWARD   0x0001a6    program     static C:\Users\Baden Brenner\OneDrive\Documents\5th semester\ATV_TurretControl.X\TurretControl.asm
                  REVERCE   0x0001b7    program     static C:\Users\Baden Brenner\OneDrive\Documents\5th semester\ATV_TurretControl.X\TurretControl.asm
                  CONVERT   0x0001c8    program     static C:\Users\Baden Brenner\OneDrive\Documents\5th semester\ATV_TurretControl.X\TurretControl.asm
                     XMIT   0x0001c9    program     static C:\Users\Baden Brenner\OneDrive\Documents\5th semester\ATV_TurretControl.X\TurretControl.asm
                      REC   0x0001ca    program     static C:\Users\Baden Brenner\OneDrive\Documents\5th semester\ATV_TurretControl.X\TurretControl.asm
           STOPCOMPERSSER   0x0001cb    program     static C:\Users\Baden Brenner\OneDrive\Documents\5th semester\ATV_TurretControl.X\TurretControl.asm
          STARTCOMPERSSER   0x0001ce    program     static C:\Users\Baden Brenner\OneDrive\Documents\5th semester\ATV_TurretControl.X\TurretControl.asm
                     MAIN   0x0001d1    program     static C:\Users\Baden Brenner\OneDrive\Documents\5th semester\ATV_TurretControl.X\TurretControl.asm


