MPLINK 5.09, LINKER
Linker Map File - Created Thu Apr 25 13:26:32 2024

                                 Section Info
                  Section       Type    Address   Location Size(Bytes)
                ---------  ---------  ---------  ---------  ---------
                   .org_0       code   0x000000    program   0x000002
                   .cinit    romdata   0x000001    program   0x000004
                   .org_1       code   0x000004    program   0x00017e
               SETUP_CODE       code   0x0000c3    program   0x000138
.config_8007_BUILD/DEFAULT/PRODUCTION/ATV_MAS       code   0x008007    program   0x000002
.config_8008_BUILD/DEFAULT/PRODUCTION/ATV_MAS       code   0x008008    program   0x000002



                              Program Memory Usage 
                               Start         End      
                           ---------   ---------      
                            0x000000    0x000002      
                            0x000004    0x00015e      
                            0x008007    0x008008      
            352 out of 16647 program addresses used, program memory utilization is 2%



                              Symbols - Sorted by Name
                     Name    Address   Location    Storage File                     
                ---------  ---------  ---------  --------- ---------                
                 CHECKR_W   0x000063    program     static C:\Users\Baden Brenner\OneDrive\Documents\5th semester\ATVProject\ATVProject_Master.X\ATV_Master.asm
               CONECT_TMR   0x00001d    program     static C:\Users\Baden Brenner\OneDrive\Documents\5th semester\ATVProject\ATVProject_Master.X\ATV_Master.asm
                    ESTOP   0x000016    program     static C:\Users\Baden Brenner\OneDrive\Documents\5th semester\ATVProject\ATVProject_Master.X\ATV_Master.asm
                  FORWARD   0x000083    program     static C:\Users\Baden Brenner\OneDrive\Documents\5th semester\ATVProject\ATVProject_Master.X\ATV_Master.asm
                 I2C_IDLE   0x00005e    program     static C:\Users\Baden Brenner\OneDrive\Documents\5th semester\ATVProject\ATVProject_Master.X\ATV_Master.asm
            I2C_SEND_DATA   0x0000a9    program     static C:\Users\Baden Brenner\OneDrive\Documents\5th semester\ATVProject\ATVProject_Master.X\ATV_Master.asm
               INITIALIZE   0x0000c3    program     static C:\Users\Baden Brenner\OneDrive\Documents\5th semester\ATVProject\ATVProject_Master.X\1788_COMMS_SETUP.INC
                 INTERUPT   0x000007    program     static C:\Users\Baden Brenner\OneDrive\Documents\5th semester\ATVProject\ATVProject_Master.X\ATV_Master.asm
                  KILLBOT   0x000019    program     static C:\Users\Baden Brenner\OneDrive\Documents\5th semester\ATVProject\ATVProject_Master.X\ATV_Master.asm
                     MAIN   0x000067    program     static C:\Users\Baden Brenner\OneDrive\Documents\5th semester\ATVProject\ATVProject_Master.X\ATV_Master.asm
                  REVERSE   0x00008d    program     static C:\Users\Baden Brenner\OneDrive\Documents\5th semester\ATVProject\ATVProject_Master.X\ATV_Master.asm
                SAVE_DATA   0x000020    program     static C:\Users\Baden Brenner\OneDrive\Documents\5th semester\ATVProject\ATVProject_Master.X\ATV_Master.asm
                    SETUP   0x000005    program     static C:\Users\Baden Brenner\OneDrive\Documents\5th semester\ATVProject\ATVProject_Master.X\ATV_Master.asm
                     STOP   0x0000a0    program     static C:\Users\Baden Brenner\OneDrive\Documents\5th semester\ATVProject\ATVProject_Master.X\ATV_Master.asm
                     TURN   0x000096    program     static C:\Users\Baden Brenner\OneDrive\Documents\5th semester\ATVProject\ATVProject_Master.X\ATV_Master.asm
             _.org_1_0027   0x000027    program     static C:\Users\Baden Brenner\OneDrive\Documents\5th semester\ATVProject\ATVProject_Master.X\ATV_Master.asm
             _.org_1_0031   0x000031    program     static C:\Users\Baden Brenner\OneDrive\Documents\5th semester\ATVProject\ATVProject_Master.X\ATV_Master.asm
             _.org_1_003A   0x00003a    program     static C:\Users\Baden Brenner\OneDrive\Documents\5th semester\ATVProject\ATVProject_Master.X\ATV_Master.asm
             _.org_1_0043   0x000043    program     static C:\Users\Baden Brenner\OneDrive\Documents\5th semester\ATVProject\ATVProject_Master.X\ATV_Master.asm
             _.org_1_004C   0x00004c    program     static C:\Users\Baden Brenner\OneDrive\Documents\5th semester\ATVProject\ATVProject_Master.X\ATV_Master.asm
             _.org_1_00AC   0x0000ac    program     static C:\Users\Baden Brenner\OneDrive\Documents\5th semester\ATVProject\ATVProject_Master.X\ATV_Master.asm



                              Symbols - Sorted by Address
                     Name    Address   Location    Storage File                     
                ---------  ---------  ---------  --------- ---------                
                    SETUP   0x000005    program     static C:\Users\Baden Brenner\OneDrive\Documents\5th semester\ATVProject\ATVProject_Master.X\ATV_Master.asm
                 INTERUPT   0x000007    program     static C:\Users\Baden Brenner\OneDrive\Documents\5th semester\ATVProject\ATVProject_Master.X\ATV_Master.asm
                    ESTOP   0x000016    program     static C:\Users\Baden Brenner\OneDrive\Documents\5th semester\ATVProject\ATVProject_Master.X\ATV_Master.asm
                  KILLBOT   0x000019    program     static C:\Users\Baden Brenner\OneDrive\Documents\5th semester\ATVProject\ATVProject_Master.X\ATV_Master.asm
               CONECT_TMR   0x00001d    program     static C:\Users\Baden Brenner\OneDrive\Documents\5th semester\ATVProject\ATVProject_Master.X\ATV_Master.asm
                SAVE_DATA   0x000020    program     static C:\Users\Baden Brenner\OneDrive\Documents\5th semester\ATVProject\ATVProject_Master.X\ATV_Master.asm
             _.org_1_0027   0x000027    program     static C:\Users\Baden Brenner\OneDrive\Documents\5th semester\ATVProject\ATVProject_Master.X\ATV_Master.asm
             _.org_1_0031   0x000031    program     static C:\Users\Baden Brenner\OneDrive\Documents\5th semester\ATVProject\ATVProject_Master.X\ATV_Master.asm
             _.org_1_003A   0x00003a    program     static C:\Users\Baden Brenner\OneDrive\Documents\5th semester\ATVProject\ATVProject_Master.X\ATV_Master.asm
             _.org_1_0043   0x000043    program     static C:\Users\Baden Brenner\OneDrive\Documents\5th semester\ATVProject\ATVProject_Master.X\ATV_Master.asm
             _.org_1_004C   0x00004c    program     static C:\Users\Baden Brenner\OneDrive\Documents\5th semester\ATVProject\ATVProject_Master.X\ATV_Master.asm
                 I2C_IDLE   0x00005e    program     static C:\Users\Baden Brenner\OneDrive\Documents\5th semester\ATVProject\ATVProject_Master.X\ATV_Master.asm
                 CHECKR_W   0x000063    program     static C:\Users\Baden Brenner\OneDrive\Documents\5th semester\ATVProject\ATVProject_Master.X\ATV_Master.asm
                     MAIN   0x000067    program     static C:\Users\Baden Brenner\OneDrive\Documents\5th semester\ATVProject\ATVProject_Master.X\ATV_Master.asm
                  FORWARD   0x000083    program     static C:\Users\Baden Brenner\OneDrive\Documents\5th semester\ATVProject\ATVProject_Master.X\ATV_Master.asm
                  REVERSE   0x00008d    program     static C:\Users\Baden Brenner\OneDrive\Documents\5th semester\ATVProject\ATVProject_Master.X\ATV_Master.asm
                     TURN   0x000096    program     static C:\Users\Baden Brenner\OneDrive\Documents\5th semester\ATVProject\ATVProject_Master.X\ATV_Master.asm
                     STOP   0x0000a0    program     static C:\Users\Baden Brenner\OneDrive\Documents\5th semester\ATVProject\ATVProject_Master.X\ATV_Master.asm
            I2C_SEND_DATA   0x0000a9    program     static C:\Users\Baden Brenner\OneDrive\Documents\5th semester\ATVProject\ATVProject_Master.X\ATV_Master.asm
             _.org_1_00AC   0x0000ac    program     static C:\Users\Baden Brenner\OneDrive\Documents\5th semester\ATVProject\ATVProject_Master.X\ATV_Master.asm
               INITIALIZE   0x0000c3    program     static C:\Users\Baden Brenner\OneDrive\Documents\5th semester\ATVProject\ATVProject_Master.X\1788_COMMS_SETUP.INC


